123456789|123456789|123456789|123456789|123456789|123456789|123456789|12

Lorem ipsum dolor sit amet, consectetur adipiscing elit. Maecenas vitae 
magna aliquet dapibus. Donec augue libero, commodo ac eleifend sed, ultr
cursus ac, adipiscing eu metus. Sed cursus enim et metus sodales ornare.
Duis nec neque eu metus venenatis vestibulum. Aenean arcu arcu, sceleris
Nam eleifend rutrum tellus ac venenatis.

tabs in columns 1..10:
	*|123456789|123456789|123456789|123456789|123456789|123456789|12
x	*|123456789|123456789|123456789|123456789|123456789|123456789|12
xx	*|123456789|123456789|123456789|123456789|123456789|123456789|12
xxx	*|123456789|123456789|123456789|123456789|123456789|123456789|12
xxxx	*|123456789|123456789|123456789|123456789|123456789|123456789|12
xxxxx	*|123456789|123456789|123456789|123456789|123456789|123456789|12
xxxxxx	*|123456789|123456789|123456789|123456789|123456789|123456789|12
xxxxxxx	*|123456789|123456789|123456789|123456789|123456789|123456789|12
xxxxxxxx	*89|123456789|123456789|123456789|123456789|123456789|12
xxxxxxxxx	*89|123456789|123456789|123456789|123456789|123456789|12

tabs in columns 1..10 with preceding multibyte characters:
	*|123456789|123456789|123456789|123456789|123456789|123456789|12
Ä	*|123456789|123456789|123456789|123456789|123456789|123456789|12
Äx	*|123456789|123456789|123456789|123456789|123456789|123456789|12
Äxő	*|123456789|123456789|123456789|123456789|123456789|123456789|12
Äxőx	*|123456789|123456789|123456789|123456789|123456789|123456789|12
Äxőxß	*|123456789|123456789|123456789|123456789|123456789|123456789|12
Äxőxßx	*|123456789|123456789|123456789|123456789|123456789|123456789|12
Äxőxßxü	*|123456789|123456789|123456789|123456789|123456789|123456789|12
Äxőxßxüx	*89|123456789|123456789|123456789|123456789|123456789|12
Äxőxßxüxß	*89|123456789|123456789|123456789|123456789|123456789|12

tabs in columns 1..10 with preceding double-width characters:
	*|123456789|123456789|123456789|123456789|123456789|123456789|12
x	*|123456789|123456789|123456789|123456789|123456789|123456789|12
日	*|123456789|123456789|123456789|123456789|123456789|123456789|12
日x	*|123456789|123456789|123456789|123456789|123456789|123456789|12
日xx	*|123456789|123456789|123456789|123456789|123456789|123456789|12
日x本	*|123456789|123456789|123456789|123456789|123456789|123456789|12
日x本x	*|123456789|123456789|123456789|123456789|123456789|123456789|12
日x本語	*|123456789|123456789|123456789|123456789|123456789|123456789|12
日x本語x	*89|123456789|123456789|123456789|123456789|123456789|12
日x本語xx	*89|123456789|123456789|123456789|123456789|123456789|12

