ordinary t
this[01mbold[0mte
singleescap
twoescapeocc
adjacentesc
adjacentesc
after single
after   manysp
after	tab
endescape
endescap
