ThisIsAVer
«日»yLongT
«日»ext
ThatShould
«日»BeBrok
«日»enInto
«日»Multip
«日»leLine
«日»sAndWr
«日»appedA
«日»ccordi
«日»ngly.
