ThisIsAVer
> yLongTex
> t
ThatShould
> BeBroken
> IntoMult
> ipleLine
> sAndWrap
> pedAccor
> dingly.
