ThisIsAVeryLongTex
	t
ThatShouldBeBroken
	IntoMultip
	leLinesAnd
	WrappedAcc
	ordingly.
