ThisIsAVer
[01;41m|[0myLongText
ThatShould
[01;41m|[0mBeBrokenI
[01;41m|[0mntoMultip
[01;41m|[0mleLinesAn
[01;41m|[0mdWrappedA
[01;41m|[0mccordingl
[01;41m|[0my.
