ThisIsAVer
yLongText
ThatShould
BeBrokenIn
toMultiple
LinesAndWr
appedAccor
dingly.
AlsoWorks
	Wi
th	Ta
bCharacter
	A
	ny
	
	wh
ere, also
	mi
xed with 
日本	語
 inside 日
本語.
